// Jest Snapshot v1, https://goo.gl/fbAQLP

exports[`<Main message={string} /> renders correctly 1`] = `
<div>
  <h3>
    
  </h3>
</div>
`;
